Starting outfit extraction test...
[Puppeteer Script] Headless mode: false
[Puppeteer Script] ?뱷 Browser launched successfully.
[Puppeteer Script] ?뱷 Switching to GEMINI...
[Puppeteer] Converting base64 image to temporary file...
[Puppeteer] Attempting to upload file: C:\Users\ADMINI~1\AppData\Local\Temp\gemini_upload_1769043777477_0.png
[Puppeteer] Looking for '+' button...
[Puppeteer] Clicking '+' button...
[Puppeteer] Waiting for file chooser...
node : [Puppeteer] File upload failed: Waiting for `FileChooser` failed: 15000ms exceede
d. Proceeding with text only.
위치 줄:1 문자:1
+ node reproduce_issue.js > test_output.txt 2>&1
+ ~~~~~~~~~~~~~~~~~~~~~~~~~~~~~~~~~~~~~~~~~~~~~~
    + CategoryInfo          : NotSpecified: ([Puppeteer] Fil...with text only.:String)  
   [], RemoteException
    + FullyQualifiedErrorId : NativeCommandError
 
[Puppeteer] Clearing input field...
[Puppeteer] Inserting new prompt...
[Puppeteer] Sending to GEMINI via Enter key...
[Puppeteer] Deleted temporary file: C:\Users\ADMINI~1\AppData\Local\Temp\gemini_upload_1769043777477_0.png
Waiting for response...
[5/300] Waiting for response... (0 chars)
[10/300] Waiting for response... (0 chars)
[Puppeteer Script] Dumped HTML to debug_script_browser.html
[15/300] Waiting for response... (0 chars)
[20/300] Waiting for response... (0 chars)
[25/300] Waiting for response... (0 chars)
[30/300] Waiting for response... (0 chars)
[35/300] Waiting for response... (0 chars)
[40/300] Waiting for response... (0 chars)
[45/300] Waiting for response... (0 chars)
[50/300] Waiting for response... (0 chars)
[55/300] Waiting for response... (0 chars)
[60/300] Waiting for response... (0 chars)
[65/300] Waiting for response... (0 chars)
[70/300] Waiting for response... (0 chars)
[75/300] Waiting for response... (0 chars)
[80/300] Waiting for response... (0 chars)
[85/300] Waiting for response... (0 chars)
[90/300] Waiting for response... (0 chars)
[95/300] Waiting for response... (0 chars)
[100/300] Waiting for response... (0 chars)
[105/300] Waiting for response... (0 chars)
[110/300] Waiting for response... (0 chars)
[115/300] Waiting for response... (0 chars)
[120/300] Waiting for response... (0 chars)
[125/300] Waiting for response... (0 chars)
[130/300] Waiting for response... (0 chars)
[135/300] Waiting for response... (0 chars)
[140/300] Waiting for response... (0 chars)
[145/300] Waiting for response... (0 chars)
[150/300] Waiting for response... (0 chars)
[155/300] Waiting for response... (0 chars)
[160/300] Waiting for response... (0 chars)
[165/300] Waiting for response... (0 chars)
[170/300] Waiting for response... (0 chars)
[175/300] Waiting for response... (0 chars)
[180/300] Waiting for response... (0 chars)
[185/300] Waiting for response... (0 chars)
[190/300] Waiting for response... (0 chars)
[195/300] Waiting for response... (0 chars)
[200/300] Waiting for response... (0 chars)
[205/300] Waiting for response... (0 chars)
[210/300] Waiting for response... (0 chars)
